2026-09-24T02:27:27.428048Z 0 [System] [MY-015015] [Server] MySQL Server - start.
2026-09-24T02:27:27.648733Z 0 [Warning] [MY-010097] [Server] Insecure configuration for --secure-file-priv: Current value does not restrict location of generated files. Consider setting it to a valid, non-empty path.
2026-09-24T02:27:27.648835Z 0 [System] [MY-010116] [Server] C:\laragon\bin\mysql\mysql-8.4.3-winx64\bin\mysqld (mysqld 8.4.3) starting as process 10636
2026-09-24T02:27:27.709151Z 1 [System] [MY-013576] [InnoDB] InnoDB initialization has started.
2026-09-24T02:27:28.148111Z 1 [System] [MY-013577] [InnoDB] InnoDB initialization has ended.
2026-09-24T02:27:28.801308Z 0 [Warning] [MY-013829] [Server] Missing data directory for ICU regular expressions: C:\laragon\bin\mysql\mysql-8.4.3-winx64\lib\private\.
2026-09-24T02:27:28.823238Z 0 [Warning] [MY-010068] [Server] CA certificate ca.pem is self signed.
2026-09-24T02:27:28.823898Z 0 [System] [MY-013602] [Server] Channel mysql_main configured to support TLS. Encrypted connections are now supported for this channel.
2026-09-24T02:27:28.891611Z 0 [System] [MY-011323] [Server] X Plugin ready for connections. Bind-address: '::' port: 33060
2026-09-24T02:27:28.891739Z 0 [System] [MY-010931] [Server] C:\laragon\bin\mysql\mysql-8.4.3-winx64\bin\mysqld: ready for connections. Version: '8.4.3'  socket: ''  port: 3306  MySQL Community Server - GPL.
2026-09-24T02:27:38.665384Z 8 [System] [MY-013172] [Server] Received SHUTDOWN from user root. Shutting down mysqld (Version: 8.4.3).
2026-09-24T02:27:38.666460Z 0 [System] [MY-013105] [Server] C:\laragon\bin\mysql\mysql-8.4.3-winx64\bin\mysqld: Normal shutdown.
2026-09-24T02:27:39.682463Z 0 [System] [MY-010910] [Server] C:\laragon\bin\mysql\mysql-8.4.3-winx64\bin\mysqld: Shutdown complete (mysqld 8.4.3)  MySQL Community Server - GPL.
2026-09-24T02:27:39.684045Z 0 [System] [MY-015016] [Server] MySQL Server - end.
2026-09-24T02:27:55.406063Z 0 [System] [MY-015015] [Server] MySQL Server - start.
2026-09-24T02:27:55.583513Z 0 [Warning] [MY-010097] [Server] Insecure configuration for --secure-file-priv: Current value does not restrict location of generated files. Consider setting it to a valid, non-empty path.
2026-09-24T02:27:55.583585Z 0 [System] [MY-010116] [Server] C:\laragon\bin\mysql\mysql-8.4.3-winx64\bin\mysqld (mysqld 8.4.3) starting as process 6900
2026-09-24T02:27:55.612964Z 1 [System] [MY-013576] [InnoDB] InnoDB initialization has started.
2026-09-24T02:27:55.988347Z 1 [System] [MY-013577] [InnoDB] InnoDB initialization has ended.
2026-09-24T02:27:56.494590Z 0 [Warning] [MY-013829] [Server] Missing data directory for ICU regular expressions: C:\laragon\bin\mysql\mysql-8.4.3-winx64\lib\private\.
2026-09-24T02:27:56.515375Z 0 [Warning] [MY-010068] [Server] CA certificate ca.pem is self signed.
2026-09-24T02:27:56.516040Z 0 [System] [MY-013602] [Server] Channel mysql_main configured to support TLS. Encrypted connections are now supported for this channel.
2026-09-24T02:27:56.579048Z 0 [System] [MY-011323] [Server] X Plugin ready for connections. Bind-address: '::' port: 33060
2026-09-24T02:27:56.579151Z 0 [System] [MY-010931] [Server] C:\laragon\bin\mysql\mysql-8.4.3-winx64\bin\mysqld: ready for connections. Version: '8.4.3'  socket: ''  port: 3306  MySQL Community Server - GPL.
2026-09-24T07:40:44.131487Z 0 [System] [MY-015015] [Server] MySQL Server - start.
2026-09-24T07:40:44.442707Z 0 [Warning] [MY-010097] [Server] Insecure configuration for --secure-file-priv: Current value does not restrict location of generated files. Consider setting it to a valid, non-empty path.
2026-09-24T07:40:44.444096Z 0 [System] [MY-010116] [Server] C:\laragon\bin\mysql\mysql-8.4.3-winx64\bin\mysqld (mysqld 8.4.3) starting as process 6592
2026-09-24T07:40:44.565310Z 1 [System] [MY-013576] [InnoDB] InnoDB initialization has started.
2026-09-24T07:40:45.485803Z 1 [System] [MY-013577] [InnoDB] InnoDB initialization has ended.
2026-09-24T07:40:46.022994Z 0 [System] [MY-010229] [Server] Starting XA crash recovery...
2026-09-24T07:40:46.030976Z 0 [System] [MY-010232] [Server] XA crash recovery finished.
2026-09-24T07:40:46.162402Z 0 [Warning] [MY-013829] [Server] Missing data directory for ICU regular expressions: C:\laragon\bin\mysql\mysql-8.4.3-winx64\lib\private\.
2026-09-24T07:40:46.221041Z 0 [Warning] [MY-010068] [Server] CA certificate ca.pem is self signed.
2026-09-24T07:40:46.221817Z 0 [System] [MY-013602] [Server] Channel mysql_main configured to support TLS. Encrypted connections are now supported for this channel.
2026-09-24T07:40:46.311734Z 0 [System] [MY-011323] [Server] X Plugin ready for connections. Bind-address: '::' port: 33060
2026-09-24T07:40:46.311895Z 0 [System] [MY-010931] [Server] C:\laragon\bin\mysql\mysql-8.4.3-winx64\bin\mysqld: ready for connections. Version: '8.4.3'  socket: ''  port: 3306  MySQL Community Server - GPL.
2026-09-24T08:43:44.403350Z 12 [System] [MY-013172] [Server] Received SHUTDOWN from user root. Shutting down mysqld (Version: 8.4.3).
2026-09-24T08:43:44.404468Z 0 [System] [MY-013105] [Server] C:\laragon\bin\mysql\mysql-8.4.3-winx64\bin\mysqld: Normal shutdown.
2026-09-24T08:43:46.411778Z 0 [Warning] [MY-010909] [Server] C:\laragon\bin\mysql\mysql-8.4.3-winx64\bin\mysqld: Forcing close of thread 9  user: 'root'.
2026-09-25T03:04:53.481400Z 0 [System] [MY-015015] [Server] MySQL Server - start.
2026-09-25T03:04:53.718798Z 0 [Warning] [MY-010097] [Server] Insecure configuration for --secure-file-priv: Current value does not restrict location of generated files. Consider setting it to a valid, non-empty path.
2026-09-25T03:04:53.719467Z 0 [System] [MY-010116] [Server] C:\laragon\bin\mysql\mysql-8.4.3-winx64\bin\mysqld (mysqld 8.4.3) starting as process 19032
2026-09-25T03:04:53.798076Z 1 [System] [MY-013576] [InnoDB] InnoDB initialization has started.
2026-09-25T03:04:54.525506Z 1 [System] [MY-013577] [InnoDB] InnoDB initialization has ended.
2026-09-25T03:04:54.923929Z 0 [System] [MY-010229] [Server] Starting XA crash recovery...
2026-09-25T03:04:54.932137Z 0 [System] [MY-010232] [Server] XA crash recovery finished.
2026-09-25T03:04:55.062670Z 0 [Warning] [MY-013829] [Server] Missing data directory for ICU regular expressions: C:\laragon\bin\mysql\mysql-8.4.3-winx64\lib\private\.
2026-09-25T03:04:55.110887Z 0 [Warning] [MY-010068] [Server] CA certificate ca.pem is self signed.
2026-09-25T03:04:55.111726Z 0 [System] [MY-013602] [Server] Channel mysql_main configured to support TLS. Encrypted connections are now supported for this channel.
2026-09-25T03:04:55.185235Z 0 [System] [MY-011323] [Server] X Plugin ready for connections. Bind-address: '::' port: 33060
2026-09-25T03:04:55.185437Z 0 [System] [MY-010931] [Server] C:\laragon\bin\mysql\mysql-8.4.3-winx64\bin\mysqld: ready for connections. Version: '8.4.3'  socket: ''  port: 3306  MySQL Community Server - GPL.
2026-09-25T04:21:45.197347Z 27 [System] [MY-013172] [Server] Received SHUTDOWN from user root. Shutting down mysqld (Version: 8.4.3).
2026-09-25T04:21:45.207350Z 0 [System] [MY-013105] [Server] C:\laragon\bin\mysql\mysql-8.4.3-winx64\bin\mysqld: Normal shutdown.
2026-09-25T04:21:46.485824Z 0 [System] [MY-010910] [Server] C:\laragon\bin\mysql\mysql-8.4.3-winx64\bin\mysqld: Shutdown complete (mysqld 8.4.3)  MySQL Community Server - GPL.
2026-09-25T04:21:46.486965Z 0 [System] [MY-015016] [Server] MySQL Server - end.
2026-09-28T05:45:49.115172Z 0 [System] [MY-015015] [Server] MySQL Server - start.
2026-09-28T05:45:49.360907Z 0 [Warning] [MY-010097] [Server] Insecure configuration for --secure-file-priv: Current value does not restrict location of generated files. Consider setting it to a valid, non-empty path.
2026-09-28T05:45:49.361778Z 0 [System] [MY-010116] [Server] C:\laragon\bin\mysql\mysql-8.4.3-winx64\bin\mysqld (mysqld 8.4.3) starting as process 3392
2026-09-28T05:45:49.452061Z 1 [System] [MY-013576] [InnoDB] InnoDB initialization has started.
2026-09-28T05:45:49.987789Z 1 [System] [MY-013577] [InnoDB] InnoDB initialization has ended.
2026-09-28T05:45:50.581446Z 0 [Warning] [MY-013829] [Server] Missing data directory for ICU regular expressions: C:\laragon\bin\mysql\mysql-8.4.3-winx64\lib\private\.
2026-09-28T05:45:50.637872Z 0 [Warning] [MY-010068] [Server] CA certificate ca.pem is self signed.
2026-09-28T05:45:50.638629Z 0 [System] [MY-013602] [Server] Channel mysql_main configured to support TLS. Encrypted connections are now supported for this channel.
2026-09-28T05:45:50.712362Z 0 [System] [MY-011323] [Server] X Plugin ready for connections. Bind-address: '::' port: 33060
2026-09-28T05:45:50.712500Z 0 [System] [MY-010931] [Server] C:\laragon\bin\mysql\mysql-8.4.3-winx64\bin\mysqld: ready for connections. Version: '8.4.3'  socket: ''  port: 3306  MySQL Community Server - GPL.
2026-09-28T07:34:46.000708Z 8 [System] [MY-013172] [Server] Received SHUTDOWN from user root. Shutting down mysqld (Version: 8.4.3).
2026-09-28T07:34:46.003308Z 0 [System] [MY-013105] [Server] C:\laragon\bin\mysql\mysql-8.4.3-winx64\bin\mysqld: Normal shutdown.
2026-09-28T07:34:46.616453Z 0 [System] [MY-010910] [Server] C:\laragon\bin\mysql\mysql-8.4.3-winx64\bin\mysqld: Shutdown complete (mysqld 8.4.3)  MySQL Community Server - GPL.
2026-09-28T07:34:46.617729Z 0 [System] [MY-015016] [Server] MySQL Server - end.
2026-09-29T06:48:55.870464Z 0 [System] [MY-015015] [Server] MySQL Server - start.
2026-09-29T06:48:56.205304Z 0 [Warning] [MY-010097] [Server] Insecure configuration for --secure-file-priv: Current value does not restrict location of generated files. Consider setting it to a valid, non-empty path.
2026-09-29T06:48:56.206172Z 0 [System] [MY-010116] [Server] C:\laragon\bin\mysql\mysql-8.4.3-winx64\bin\mysqld (mysqld 8.4.3) starting as process 5936
2026-09-29T06:48:56.303178Z 1 [System] [MY-013576] [InnoDB] InnoDB initialization has started.
2026-09-29T06:48:56.921044Z 1 [System] [MY-013577] [InnoDB] InnoDB initialization has ended.
2026-09-29T06:48:57.550414Z 0 [Warning] [MY-013829] [Server] Missing data directory for ICU regular expressions: C:\laragon\bin\mysql\mysql-8.4.3-winx64\lib\private\.
2026-09-29T06:48:57.600811Z 0 [Warning] [MY-010068] [Server] CA certificate ca.pem is self signed.
2026-09-29T06:48:57.601461Z 0 [System] [MY-013602] [Server] Channel mysql_main configured to support TLS. Encrypted connections are now supported for this channel.
2026-09-29T06:48:57.676578Z 0 [System] [MY-011323] [Server] X Plugin ready for connections. Bind-address: '::' port: 33060
2026-09-29T06:48:57.676707Z 0 [System] [MY-010931] [Server] C:\laragon\bin\mysql\mysql-8.4.3-winx64\bin\mysqld: ready for connections. Version: '8.4.3'  socket: ''  port: 3306  MySQL Community Server - GPL.
2026-09-29T09:33:13.689395Z 17 [System] [MY-013172] [Server] Received SHUTDOWN from user root. Shutting down mysqld (Version: 8.4.3).
2026-09-29T09:33:13.696943Z 0 [System] [MY-013105] [Server] C:\laragon\bin\mysql\mysql-8.4.3-winx64\bin\mysqld: Normal shutdown.
2026-09-29T09:33:15.142136Z 0 [System] [MY-010910] [Server] C:\laragon\bin\mysql\mysql-8.4.3-winx64\bin\mysqld: Shutdown complete (mysqld 8.4.3)  MySQL Community Server - GPL.
2026-09-29T09:33:15.143183Z 0 [System] [MY-015016] [Server] MySQL Server - end.
